     1                                 %line 1+1 p1.asm
     2                                 
     3                                 
     4                                 [section .data]
     5                                 
     6 00000000 48656C6C6F20576F72-    msg1: db "Hello World ", 0xA
     7 00000000 6C64200A           
     8 0000000D 6C656B6B6572206D61-    msg2: db "lekker man hoe gaan dit", 0xA
     9 0000000D 6E20686F6520676161-
    10 0000000D 6E206469740A       
    11 00000025 0A                     input: db "" , 0xA
    12 00000026 0100000000000000       n: dq 1
    13                                 
    14                                 [section .text]
    15                                 
    16                                 [global _start]
    17                                 _start:
    18                                 
    19 00000000 48C7C001000000         mov rax, 1
    20 00000007 48C7C701000000         mov rdi, 1
    21 0000000E 488B3425[00000000]     mov rsi, [msg1]
    22 00000016 48C7C20C000000         mov rdx, 12
    23 0000001D 0F05                   syscall
    24                                 
    25 0000001F B83C000000             mov eax, 60
    26                                 
    27 00000024 0F05                   syscall
